mysql> select dname from dept;
+------------+
| dname      |
+------------+
| ACCOUNTING |
| RESEARCH   |
| SALES      |
| OPERATIONS |
| HR         |
+------------+                                                                                                               5 rows in set (0.08 sec)                                                                                                                                                                                                                                  mysql> select 'KP' name , 2021 `Birth Year` from dept;                                                                       +------+------------+                                                                                                        | name | Birth Year |                                                                                                        +------+------------+                                                                                                        | KP   |       2021 |                                                                                                        | KP   |       2021 |                                                                                                        | KP   |       2021 |                                                                                                        | KP   |       2021 |                                                                                                        | KP   |       2021 |                                                                                                        +------+------------+                                                                                                        5 rows in set (0.00 sec)                                                                                                                                                                                                                                  
mysql> select 'KP' name , 2021 `Birth Year` from dept;  
+------+------------+
| name | Birth Year |         
+------+------------+               
| KP   |       2021 |                  
| KP   |       2021 |                  
| KP   |       2021 |                   
| KP   |       2021 |                   
| KP   |       2021 |                     
+------+------------+                        
5 rows in set (0.00 sec)                    

mysql> (select 'Kappuu' R1 , 1000 R2);
+--------+------+
| R1     | R2   |
+--------+------+
| Kappuu | 1000 |
+--------+------+
1 row in set (0.00 sec)

mysql> select 'Hello' R0, (select 'saleel' R1);
+-------+----------------------+
| R0    | (select 'saleel' R1) |
+-------+----------------------+
| Hello | saleel               |
+-------+----------------------+
1 row in set (0.00 sec)

mysql> select 'Hello' R0, (select 'Hello' R1);
+-------+---------------------+
| R0    | (select 'Hello' R1) |
+-------+---------------------+
| Hello | Hello               |
+-------+---------------------+
1 row in set (0.00 sec)

mysql> select 'Hello' R0, (select 'Hello' R1) text;
+-------+-------+
| R0    | text  |
+-------+-------+
| Hello | Hello |
+-------+-------+
1 row in set (0.00 sec)

mysql> select dname, (select 'Hello') R1 from dept;
+------------+-------+
| dname      | R1    |
+------------+-------+
| ACCOUNTING | Hello |
| RESEARCH   | Hello |
| SALES      | Hello |
| OPERATIONS | Hello |
| HR         | Hello |
+------------+-------+
5 rows in set (0.00 sec)

mysql> select ename, sal from emp;
+----------+------+
| ename    | sal  |
+----------+------+
| GITA     | 1750 |
| VRUSHALI | 1750 |
| SHARMIN  | 1750 |
| BANDISH  | 1750 |
| SMITH    |  800 |
| AARAV    | 3350 |
| THOMAS   | 1750 |
| ALLEN    | 1600 |
| WARD     | 1250 |
| JONES    | 2975 |
| MARTIN   | 1250 |
| BLAKE    | 2850 |
| CLARK    | 2450 |
| SCOTT    | 3000 |
| KING     | 5000 |
| FRED     | 5000 |
| TURNER   | 1500 |
| ADAMS    | 1100 |
| JAMES    |  950 |
| FORD     | 3000 |
| HOFFMAN  | 4150 |
| GRASS    | 2575 |
| MILLER   | 1300 |
| AARUSH   | 1350 |
| ALEX     | 1250 |
| NATASHA  | 1750 |
| SANGITA  | 1750 |
| SUPRIYA  | 1750 |
+----------+------+
28 rows in set (0.00 sec)

mysql> select sal from emp where ename='king';
+------+
| sal  |
+------+
| 5000 |
+------+
1 row in set (0.00 sec)

mysql> select sal from emp where ename='jones';
+------+
| sal  |
+------+
| 2975 |
+------+
1 row in set (0.00 sec)

mysql> select (select sal from emp where ename='king') - (select sal from emp where ename='jones');
+--------------------------------------------------------------------------------------+
| (select sal from emp where ename='king') - (select sal from emp where ename='jones') |
+--------------------------------------------------------------------------------------+
|                                                                                 2025 |
+--------------------------------------------------------------------------------------+
1 row in set (0.00 sec)

mysql> select (select sal from emp where ename = 'king') - (select sal from emp where ename = 'jones');
+------------------------------------------------------------------------------------------+
| (select sal from emp where ename = 'king') - (select sal from emp where ename = 'jones') |
+------------------------------------------------------------------------------------------+
|                                                                                     2025 |
+------------------------------------------------------------------------------------------+
1 row in set (0.00 sec)

mysql> select (select sal from emp where ename = 'king') - (select sal from emp where ename = 'jones') R1;
+------+
| R1   |
+------+
| 2025 |
+------+
1 row in set (0.00 sec)

mysql> select * from orders;
+------+---------+---------------------+------+------+--------+
| ONUM | AMT     | ODATE               | CNUM | SNUM | type   |
+------+---------+---------------------+------+------+--------+
| 3001 |   18.69 | 1996-10-03 12:30:00 | 2008 | 1007 | Online |
| 3002 |  1900.1 | 1996-10-03 12:05:00 | 2007 | 1004 | Online |
| 3003 |  767.19 | 1996-10-03 13:45:00 | 2001 | 1001 | Online |
| 3005 | 5160.45 | 1996-10-03 14:00:00 | 2003 | 1002 | Online |
| 3006 | 1098.16 | 1996-10-03 13:37:00 | 2008 | 1007 | Online |
| 3007 |   75.75 | 1996-10-04 16:02:00 | 2002 | 1003 | Online |
| 3008 |    4723 | 1996-10-05 12:07:00 | 2006 | 1001 | Online |
| 3009 | 1713.23 | 1996-10-04 15:21:00 | 2002 | 1003 | Online |
| 3010 | 1309.95 | 1996-10-06 13:12:00 | 2004 | 1002 | Online |
| 3011 | 9891.88 | 1996-10-06 13:09:00 | 2006 | 1001 | Online |
| 3012 | 3455.78 | 1996-10-04 15:21:00 | 2002 | 1003 | Online |
| 3013 | 1245.98 | 1996-10-04 16:32:00 | 2002 | 1003 | Online |
| 3014 | 3721.53 | 1996-10-05 12:45:00 | 2006 | 1001 | Online |
| 3015 |   734.5 | 1996-10-06 13:16:00 | 2004 | 1002 | Online |
| 3016 | 1729.67 | 1996-10-06 13:07:00 | 2006 | 1001 | Online |
| 3017 |   18.69 | 1996-10-03 12:30:00 | 2001 | 1007 | Online |
| 3018 |  767.19 | 1996-10-03 13:45:00 | 2002 | 1001 | Online |
| 3019 |  1900.1 | 1996-10-03 12:05:00 | 2007 | 1004 | Online |
| 3020 | 5160.45 | 1996-10-03 14:00:00 | 2003 | 1007 | Online |
| 3021 | 1098.16 | 1996-10-03 13:37:00 | 2008 | 1007 | Online |
| 3022 | 1713.23 | 1996-10-04 15:21:00 | 2002 | 1003 | Online |
| 3023 |   75.75 | 1996-10-04 16:02:00 | 2002 | 1004 | Online |
| 3024 |    4723 | 1996-10-05 12:07:00 | 2006 | 1002 | Online |
| 3025 | 1309.95 | 1996-10-06 13:12:00 | 2002 | 1002 | Online |
| 3026 | 9891.88 | 1996-10-06 13:09:00 | 2006 | 1001 | Online |
| 3027 | 3455.78 | 1996-10-04 15:21:00 | 2002 | 1003 | Online |
| 3028 | 1245.98 | 1996-10-04 16:32:00 | 2002 | 1003 | Online |
| 3029 | 3721.53 | 1996-10-05 12:45:00 | 2006 | 1001 | Online |
| 3030 |   734.5 | 1996-10-06 13:16:00 | 2004 | 1002 | Online |
| 3031 | 1729.67 | 1996-10-06 13:07:00 | 2006 | 1007 | Online |
| 3032 |    3434 | 1996-01-26 17:09:12 | 2006 | 1007 | Online |
| 3033 |     522 | 1996-12-24 14:23:00 | 2002 | 1002 | Online |
| 3049 |     500 | 1996-03-14 07:45:19 | 2001 | 1003 | Online |
| 3074 |     457 | 1996-04-19 05:13:00 | 2008 | 1007 | Online |
| 3119 |     125 | 1996-07-26 18:37:00 | 2007 | 1001 | Online |
| 4001 |     145 | 1996-05-13 20:47:00 | 2008 | 1003 | Online |
| 4012 |     245 | 1996-03-06 13:07:00 | 2001 | 1002 | Online |
| 4021 |     600 | 1996-08-12 13:07:00 | 2001 | 1002 | Online |
| 4054 |    1200 | 1996-11-22 13:07:00 | 2004 | 1003 | Online |
| 5011 |     138 | 1996-09-14 13:07:00 | 2001 | 1007 | Online |
| 5014 |     980 | 1996-08-23 13:07:00 | 2002 | 1007 | Online |
| 5015 |    2133 | 1996-06-23 13:07:00 | 2004 | 1007 | Online |
| 5016 |    1000 | 1996-03-12 13:07:00 | 2002 | 1007 | Online |
| 5053 |    1500 | 1996-01-01 13:07:00 | 2006 | 1007 | Online |
| 5099 |     790 | 1996-04-24 13:07:00 | 2002 | 1007 | Online |
| 6501 |     125 | 1996-06-13 13:07:00 | 2001 | 1001 | Online |
| 6502 |     535 | 1996-08-24 13:07:00 | 2006 | 1004 | Online |
| 6503 |    1100 | 1996-07-26 13:07:00 | 2006 | 1007 | Online |
| 6504 |    1350 | 1996-07-21 13:07:00 | 2008 | 1007 | Online |
+------+---------+---------------------+------+------+--------+
49 rows in set (0.00 sec)

mysql> select * from ord;
+-------+---------------------+----------+--------+---------------------+---------------------+------------+----------+
| ORDID | ORDERDATE           | COMMPLAN | CUSTID | SHIPDATE            | STATUSDATE          | STATUS     | TOTAL    |
+-------+---------------------+----------+--------+---------------------+---------------------+------------+----------+
|   601 | 1986-05-01 00:00:00 | A        |    106 | 1986-05-30 00:00:00 | NULL                | In Process |     2.40 |
|   602 | 1986-06-05 00:00:00 | B        |    102 | 1986-06-20 00:00:00 | 1986-07-09 00:00:00 | On Hold    |    56.00 |
|   603 | 1986-06-05 00:00:00 | NULL     |    102 | 1986-06-05 00:00:00 | 1986-06-10 00:00:00 | Cancelled  |   224.00 |
|   604 | 1986-06-15 00:00:00 | A        |    106 | 1986-05-30 00:00:00 | 1986-07-04 00:00:00 | Resolved   |   698.00 |
|   605 | 1986-07-14 00:00:00 | A        |    106 | 1986-07-30 00:00:00 | 1986-08-02 00:00:00 | Disputed   |  8324.00 |
|   606 | 1986-07-14 00:00:00 | A        |    100 | 1986-07-30 00:00:00 | NULL                | Shipped    |     3.40 |
|   607 | 1986-07-18 00:00:00 | C        |    104 | 1986-07-18 00:00:00 | NULL                | In Process |     5.60 |
|   608 | 1986-07-25 00:00:00 | C        |    104 | 1986-07-25 00:00:00 | NULL                | Shipped    |    35.20 |
|   609 | 1986-08-01 00:00:00 | B        |    100 | 1986-08-15 00:00:00 | 1986-08-19 00:00:00 | On Hold    |    97.50 |
|   610 | 1987-01-07 00:00:00 | A        |    101 | 1987-01-08 00:00:00 | NULL                | In Process |   101.40 |
|   611 | 1987-01-11 00:00:00 | B        |    102 | 1987-01-11 00:00:00 | NULL                | Shipped    |    45.00 |
|   612 | 1987-01-15 00:00:00 | C        |    104 | 1987-01-20 00:00:00 | 1987-01-21 00:00:00 | Cancelled  |  5860.00 |
|   613 | 1987-02-01 00:00:00 | NULL     |    108 | 1987-02-01 00:00:00 | NULL                | Shipped    |  6400.00 |
|   614 | 1987-02-01 00:00:00 | NULL     |    102 | 1987-02-05 00:00:00 | NULL                | In Process | 23940.00 |
|   615 | 1987-02-01 00:00:00 | NULL     |    107 | 1987-02-06 00:00:00 | NULL                | In Process |   710.00 |
|   616 | 1987-02-03 00:00:00 | NULL     |    103 | 1987-02-10 00:00:00 | 1987-02-10 00:00:00 | Resolved   |   764.00 |
|   617 | 1987-02-05 00:00:00 | NULL     |    105 | 1987-03-03 00:00:00 | NULL                | Shipped    | 46370.00 |
|   618 | 1987-02-15 00:00:00 | A        |    102 | 1987-03-06 00:00:00 | 1987-03-16 00:00:00 | On Hold    |  3510.50 |
|   619 | 1987-02-22 00:00:00 | NULL     |    104 | 1987-02-04 00:00:00 | NULL                | In Process |  1260.00 |
|   620 | 1987-03-12 00:00:00 | NULL     |    100 | 1987-03-12 00:00:00 | 1987-03-12 00:00:00 | Cancelled  |  4450.00 |
|   621 | 1987-03-15 00:00:00 | A        |    100 | 1987-03-14 00:00:00 | NULL                | Shipped    |   730.00 |
|   622 | 1986-12-31 00:00:00 | a        |    105 | 1987-01-01 00:00:00 | 1987-01-06 00:00:00 | Delivered  |  1125.00 |
|   624 | 1987-01-06 00:00:00 | c        |    105 | 1987-01-06 00:00:00 | 1987-01-09 00:00:00 | Delivered  |   189.00 |
|   625 | 1987-01-09 00:00:00 | NULL     |    105 | 1987-01-10 00:00:00 | 1987-01-16 00:00:00 | Delivered  |  1255.00 |
|   626 | 1987-01-31 00:00:00 | NULL     |    107 | 1987-02-01 00:00:00 | 1987-02-06 00:00:00 | shipped    |  1675.00 |
|   627 | 1987-02-13 00:00:00 | NULL     |    100 | 1987-02-14 00:00:00 | 1987-02-22 00:00:00 | Delivered  |   250.00 |
+-------+---------------------+----------+--------+---------------------+---------------------+------------+----------+
26 rows in set (0.04 sec)

mysql>
mysql>
mysql> set @x = 10
    -> ;
Query OK, 0 rows affected (0.00 sec)

mysql> select @x;
+------+
| @x   |
+------+
|   10 |
+------+
1 row in set (0.00 sec)

mysql> select * from emp where deptno = 10;
+-------+--------+--------+-----------+------+------------+------+------+--------+---------+-------------+--------+------------+----------+
| EMPNO | ENAME  | GENDER | JOB       | MGR  | HIREDATE   | SAL  | COMM | DEPTNO | BONUSID | USER NAME   | PWD    | PHONE      | isActive |
+-------+--------+--------+-----------+------+------------+------+------+--------+---------+-------------+--------+------------+----------+
|  7415 | AARAV  | M      | CLERK     | 7902 | 1981-12-31 | 3350 | NULL |     10 |    NULL | AARAV       | NULL   | 7032300084 |        0 |
|  7421 | THOMAS | M      | CLERK     | 7920 | 1981-07-19 | 1750 | NULL |     10 |       1 | THOMAS      | r50mpm | 7032300011 |        0 |
|  7782 | CLARK  | M      | MANAGER   | 7839 | 1981-06-09 | 2450 | NULL |     10 |       3 | CLARK       | r50mpm | 7032300001 |        1 |
|  7839 | KING   | M      | PRESIDENT | NULL | 1981-11-17 | 5000 | NULL |     10 |       1 | KING        | r50mpm | 7132300081 |        1 |
|  7934 | MILLER | M      | CLERK     | 7782 | 1982-01-23 | 1300 | NULL |     10 |       2 | QUARTERNOTE | r50mpm | 7132300055 |        0 |
+-------+--------+--------+-----------+------+------------+------+------+--------+---------+-------------+--------+------------+----------+
5 rows in set (0.01 sec)

mysql> select * from emp where deptno = 10;
+-------+--------+--------+-----------+------+------------+------+------+--------+---------+-------------+--------+------------+----------+
| EMPNO | ENAME  | GENDER | JOB       | MGR  | HIREDATE   | SAL  | COMM | DEPTNO | BONUSID | USER NAME   | PWD    | PHONE      | isActive |
+-------+--------+--------+-----------+------+------------+------+------+--------+---------+-------------+--------+------------+----------+
|  7415 | AARAV  | M      | CLERK     | 7902 | 1981-12-31 | 3350 | NULL |     10 |    NULL | AARAV       | NULL   | 7032300084 |        0 |
|  7421 | THOMAS | M      | CLERK     | 7920 | 1981-07-19 | 1750 | NULL |     10 |       1 | THOMAS      | r50mpm | 7032300011 |        0 |
|  7782 | CLARK  | M      | MANAGER   | 7839 | 1981-06-09 | 2450 | NULL |     10 |       3 | CLARK       | r50mpm | 7032300001 |        1 |
|  7839 | KING   | M      | PRESIDENT | NULL | 1981-11-17 | 5000 | NULL |     10 |       1 | KING        | r50mpm | 7132300081 |        1 |
|  7934 | MILLER | M      | CLERK     | 7782 | 1982-01-23 | 1300 | NULL |     10 |       2 | QUARTERNOTE | r50mpm | 7132300055 |        0 |
+-------+--------+--------+-----------+------+------------+------+------+--------+---------+-------------+--------+------------+----------+
5 rows in set (0.00 sec)

mysql> select ename, dept, sal, deptno from emp where deptno = 10;
ERROR 1054 (42S22): Unknown column 'dept' in 'field list'
mysql> select ename, job, sal, deptno from emp where deptno = 10;
+--------+-----------+------+--------+
| ename  | job       | sal  | deptno |
+--------+-----------+------+--------+
| AARAV  | CLERK     | 3350 |     10 |
| THOMAS | CLERK     | 1750 |     10 |
| CLARK  | MANAGER   | 2450 |     10 |
| KING   | PRESIDENT | 5000 |     10 |
| MILLER | CLERK     | 1300 |     10 |
+--------+-----------+------+--------+
5 rows in set (0.00 sec)

mysql> select ename, job, sal, deptno from emp where deptno = @x;
+--------+-----------+------+--------+
| ename  | job       | sal  | deptno |
+--------+-----------+------+--------+
| AARAV  | CLERK     | 3350 |     10 |
| THOMAS | CLERK     | 1750 |     10 |
| CLARK  | MANAGER   | 2450 |     10 |
| KING   | PRESIDENT | 5000 |     10 |
| MILLER | CLERK     | 1300 |     10 |
+--------+-----------+------+--------+
5 rows in set (0.00 sec)

mysql> select ename, job, sal, deptno from emp where deptno = (select @x);
+--------+-----------+------+--------+
| ename  | job       | sal  | deptno |
+--------+-----------+------+--------+
| AARAV  | CLERK     | 3350 |     10 |
| THOMAS | CLERK     | 1750 |     10 |
| CLARK  | MANAGER   | 2450 |     10 |
| KING   | PRESIDENT | 5000 |     10 |
| MILLER | CLERK     | 1300 |     10 |
+--------+-----------+------+--------+
5 rows in set (0.00 sec)

mysql>